warning: Git tree '/Users/kitsunoff/git/github.com/kitsunoff/nixcluster' is dirty
error:
       … while calling the 'getAttr' builtin
         at «nix-internal»/derivation-internal.nix:50:17:
           49|     value = commonAttrs // {
           50|       outPath = builtins.getAttr outputName strict;
             |                 ^
           51|       drvPath = strict.drvPath;

       … while calling the 'derivationStrict' builtin
         at «nix-internal»/derivation-internal.nix:37:12:
           36|
           37|   strict = derivationStrict drvAttrs;
             |            ^
           38|

       (stack trace truncated; use '--show-trace' to show the full, detailed trace)

       error: attribute 'disko' missing
       at /Users/kitsunoff/git/github.com/kitsunoff/nixcluster/cluster-modules/pxe.nix:47:9:
           46|         "${pkgs.path}/nixos/modules/installer/netboot/netboot-minimal.nix"
           47|         inputs.disko.nixosModules.disko
             |         ^
           48|       ];
